// Jest Snapshot v1, https://goo.gl/fbAQLP

exports[`CursorConnectionType should create the connection SDL 1`] = `
type Test {
  stringField: String!
  numberField: Float!
  boolField: Boolean!
}

type TestEdge {
  """The node containing the Test"""
  node: Test!

  """Cursor for this node."""
  cursor: ConnectionCursor!
}

"""Cursor for paging through collections"""
scalar ConnectionCursor

type PageInfo {
  """true if paging forward and there are more records."""
  hasNextPage: Boolean

  """true if paging backwards and there are more records."""
  hasPreviousPage: Boolean

  """The cursor of the first returned record."""
  startCursor: ConnectionCursor

  """The cursor of the last returned record."""
  endCursor: ConnectionCursor
}

type TestConnection {
  """Paging information"""
  pageInfo: PageInfo!

  """Array of edges."""
  edges: [TestEdge!]!
}

type Query {
  test: TestConnection!
}

`;

exports[`CursorConnectionType should create the connection SDL with totalCount if enabled 1`] = `
type Test {
  stringField: String!
  numberField: Float!
  boolField: Boolean!
}

type TestTotalCount {
  stringField: String!
}

type TestEdge {
  """The node containing the Test"""
  node: Test!

  """Cursor for this node."""
  cursor: ConnectionCursor!
}

"""Cursor for paging through collections"""
scalar ConnectionCursor

type PageInfo {
  """true if paging forward and there are more records."""
  hasNextPage: Boolean

  """true if paging backwards and there are more records."""
  hasPreviousPage: Boolean

  """The cursor of the first returned record."""
  startCursor: ConnectionCursor

  """The cursor of the last returned record."""
  endCursor: ConnectionCursor
}

type TestTotalCountEdge {
  """The node containing the TestTotalCount"""
  node: TestTotalCount!

  """Cursor for this node."""
  cursor: ConnectionCursor!
}

type TestTotalCountConnection {
  """Paging information"""
  pageInfo: PageInfo!

  """Array of edges."""
  edges: [TestTotalCountEdge!]!

  """Fetch total count of records"""
  totalCount: Int!
}

type Query {
  test: TestTotalCountConnection!
}

`;
