// Jest Snapshot v1, https://goo.gl/fbAQLP

exports[`QueryArgsType with decorator options no paging query args options allow apply the options to the generated SDL 1`] = `
type Query {
  test(
    """Specify to filter the records returned."""
    filter: NoPagingQueryOptionsDTOFilter = {booleanField: {is: true}}

    """Specify to sort results."""
    sorting: [NoPagingQueryOptionsDTOSort!] = [{field: booleanField, direction: DESC}]
  ): String!
}

input NoPagingQueryOptionsDTOFilter {
  and: [NoPagingQueryOptionsDTOFilter!]
  or: [NoPagingQueryOptionsDTOFilter!]
  idField: IDFilterComparison
  idFieldOption: IDFilterComparison
  stringField: StringFieldComparison
  stringFieldOptional: StringFieldComparison
  booleanField: BooleanFieldComparison
  booleanFieldOptional: BooleanFieldComparison
  numberField: NumberFieldComparison
  numberFieldOptional: NumberFieldComparison
  floatField: FloatFieldComparison
  floatFieldOptional: FloatFieldComparison
  intField: IntFieldComparison
  intFieldOptional: IntFieldComparison
  timestampField: TimestampFieldComparison
  timestampFieldOptional: TimestampFieldComparison
  date: DateFieldComparison
  dateOptional: DateFieldComparison
}

input IDFilterComparison {
  is: Boolean
  isNot: Boolean
  eq: ID
  neq: ID
  gt: ID
  gte: ID
  lt: ID
  lte: ID
  like: ID
  notLike: ID
  iLike: ID
  notILike: ID
  in: [ID!]
  notIn: [ID!]
}

input StringFieldComparison {
  is: Boolean
  isNot: Boolean
  eq: String
  neq: String
  gt: String
  gte: String
  lt: String
  lte: String
  like: String
  notLike: String
  iLike: String
  notILike: String
  in: [String!]
  notIn: [String!]
}

input BooleanFieldComparison {
  is: Boolean
  isNot: Boolean
}

input NumberFieldComparison {
  is: Boolean
  isNot: Boolean
  eq: Float
  neq: Float
  gt: Float
  gte: Float
  lt: Float
  lte: Float
  in: [Float!]
  notIn: [Float!]
  between: NumberFieldComparisonBetween
  notBetween: NumberFieldComparisonBetween
}

input NumberFieldComparisonBetween {
  lower: Float!
  upper: Float!
}

input FloatFieldComparison {
  is: Boolean
  isNot: Boolean
  eq: Float
  neq: Float
  gt: Float
  gte: Float
  lt: Float
  lte: Float
  in: [Float!]
  notIn: [Float!]
  between: FloatFieldComparisonBetween
  notBetween: FloatFieldComparisonBetween
}

input FloatFieldComparisonBetween {
  lower: Float!
  upper: Float!
}

input IntFieldComparison {
  is: Boolean
  isNot: Boolean
  eq: Int
  neq: Int
  gt: Int
  gte: Int
  lt: Int
  lte: Int
  in: [Int!]
  notIn: [Int!]
  between: IntFieldComparisonBetween
  notBetween: IntFieldComparisonBetween
}

input IntFieldComparisonBetween {
  lower: Int!
  upper: Int!
}

input TimestampFieldComparison {
  is: Boolean
  isNot: Boolean
  eq: Timestamp
  neq: Timestamp
  gt: Timestamp
  gte: Timestamp
  lt: Timestamp
  lte: Timestamp
  in: [Timestamp!]
  notIn: [Timestamp!]
  between: TimestampFieldComparisonBetween
  notBetween: TimestampFieldComparisonBetween
}

"""
\`Date\` type as integer. Type represents date and time as number of milliseconds from start of UNIX epoch.
"""
scalar Timestamp

input TimestampFieldComparisonBetween {
  lower: Timestamp!
  upper: Timestamp!
}

input DateFieldComparison {
  is: Boolean
  isNot: Boolean
  eq: DateTime
  neq: DateTime
  gt: DateTime
  gte: DateTime
  lt: DateTime
  lte: DateTime
  in: [DateTime!]
  notIn: [DateTime!]
  between: DateFieldComparisonBetween
  notBetween: DateFieldComparisonBetween
}

"""
A date-time string at UTC, such as 2019-12-03T09:54:33Z, compliant with the date-time format.
"""
scalar DateTime

input DateFieldComparisonBetween {
  lower: DateTime!
  upper: DateTime!
}

input NoPagingQueryOptionsDTOSort {
  field: NoPagingQueryOptionsDTOSortFields!
  direction: SortDirection!
  nulls: SortNulls
}

enum NoPagingQueryOptionsDTOSortFields {
  idField
  idFieldOption
  stringField
  stringFieldOptional
  booleanField
  booleanFieldOptional
  numberField
  numberFieldOptional
  floatField
  floatFieldOptional
  intField
  intFieldOptional
  timestampField
  timestampFieldOptional
  date
  dateOptional
}

"""Sort Directions"""
enum SortDirection {
  ASC
  DESC
}

"""Sort Nulls Options"""
enum SortNulls {
  NULLS_FIRST
  NULLS_LAST
}

`;
