// Jest Snapshot v1, https://goo.gl/fbAQLP

exports[`PagingType should create the correct filter graphql schema 1`] = `
type Query {
  test(input: Paging!): Int!
}

input Paging {
  """Paginate before opaque cursor"""
  before: ConnectionCursor

  """Paginate after opaque cursor"""
  after: ConnectionCursor

  """Paginate first"""
  first: Int

  """Paginate last"""
  last: Int
}

"""Cursor for paging through collections"""
scalar ConnectionCursor

`;
