// Jest Snapshot v1, https://goo.gl/fbAQLP

exports[`ReferenceResolver should create a new resolver with a resolveReference method 1`] = `
type TestResolverDTO {
  id: ID!
  stringField: String!
}

type Query {
  test: TestResolverDTO!
}

`;
