// Jest Snapshot v1, https://goo.gl/fbAQLP

exports[`AggregateArgsType should create an aggregate type with the correct fields for each type 1`] = `
type Query {
  aggregate(
    """Filter to find records to aggregate on"""
    filter: FakeTypeAggregateFilter
  ): Int!
}

input FakeTypeAggregateFilter {
  and: [FakeTypeAggregateFilter!]
  or: [FakeTypeAggregateFilter!]
  stringField: StringFieldComparison
  numberField: NumberFieldComparison
  boolField: BooleanFieldComparison
  dateField: DateFieldComparison
}

input StringFieldComparison {
  is: Boolean
  isNot: Boolean
  eq: String
  neq: String
  gt: String
  gte: String
  lt: String
  lte: String
  like: String
  notLike: String
  iLike: String
  notILike: String
  in: [String!]
  notIn: [String!]
}

input NumberFieldComparison {
  is: Boolean
  isNot: Boolean
  eq: Float
  neq: Float
  gt: Float
  gte: Float
  lt: Float
  lte: Float
  in: [Float!]
  notIn: [Float!]
  between: NumberFieldComparisonBetween
  notBetween: NumberFieldComparisonBetween
}

input NumberFieldComparisonBetween {
  lower: Float!
  upper: Float!
}

input BooleanFieldComparison {
  is: Boolean
  isNot: Boolean
}

input DateFieldComparison {
  is: Boolean
  isNot: Boolean
  eq: DateTime
  neq: DateTime
  gt: DateTime
  gte: DateTime
  lt: DateTime
  lte: DateTime
  in: [DateTime!]
  notIn: [DateTime!]
  between: DateFieldComparisonBetween
  notBetween: DateFieldComparisonBetween
}

"""
A date-time string at UTC, such as 2019-12-03T09:54:33Z, compliant with the date-time format.
"""
scalar DateTime

input DateFieldComparisonBetween {
  lower: DateTime!
  upper: DateTime!
}

`;
