// Jest Snapshot v1, https://goo.gl/fbAQLP

exports[`CreateManyInputType should create an args type with the field as the type 1`] = `
type Query {
  test(input: CreateMany!): Int!
}

input CreateMany {
  """Array of records to create"""
  fakeInput: [FakeType!]!
}

input FakeType {
  field: String!
}

`;
